Expected W:(ABCD..., abcd...), found 'u'  (at char 7), (line:1, col:8)